# The work, and the answer's row count, of each workload in bench_test.go under SemiNaive{}.
# Rewritten by: go test ./datalog -run TestWorkStaysWithinBaseline -update
closure/chain 33970 11175
closure/reversed 33970 11175
closure/reversed-from-start 1600 399
closure/reversed-to-end 2000 399
netlist/series-from-a-net 461000 555
netlist/series-reach-count 4079667 561
netlist/test-point-counts 10858 600
netlist/uncovered-nets 10234 1
points-to 144448 4392
points-to/one-variable 467146 38
same-generation/tree 28162 5460
same-generation/tree-bound 1227 256
